­ƒÜÇ Building data files...

­ƒôÑ Fetching raw materials data...
Fetching CSV from: https://docs.google.com/spreadsheets/d/e/2PACX-1vTFKJ54e57piNVk-IBmr3Ykl7-N4LN5QRwo7A83UmbAyF_oclIcQZSgc7QHid91hHb2N_SIi7lRcKZd/pub?gid=0&single=true&output=csv
Processing 2 raw materials...
Ô£ô Validated 2 raw materials
Ô£ô Wrote data/raw-materials.json

­ƒôÑ Fetching finished products data...
Fetching CSV from: DUMMY_URL
node : 
En línea: 1 Carácter: 366
+ ... DUMMY_URL"; node scripts/build-data.mjs > 
build_output.txt 2>&1; cat  ...
+                 ~~~~~~~~~~~~~~~~~~~~~~~~~~~~~~~
~~~~~~~~~~~~~~~~~~~~
    + CategoryInfo          : NotSpecified: (:St 
   ring) [], RemoteException
    + FullyQualifiedErrorId : NativeCommandError
 
ÔØî Build failed: Failed to parse URL from 
DUMMY_URL
